src/screens/HomeScreen.tsx(66,23): error TS2769: No overload matches this call.
  Overload 1 of 2, '(props: TextProps): Text', gave the following error.
    Type '{ marginBottom: number; color: string; fontSize: number; fontWeight: string; }' is not assignable to type 'StyleProp<TextStyle>'.
      Type '{ marginBottom: number; color: string; fontSize: number; fontWeight: string; }' is not assignable to type 'TextStyle'.
        Types of property 'fontWeight' are incompatible.
          Type 'string' is not assignable to type '"bold" | "700" | "600" | "normal" | 100 | "100" | "200" | "300" | "400" | "500" | "800" | "900" | 200 | 300 | 400 | 500 | 600 | 700 | 800 | 900 | "ultralight" | "thin" | "light" | "medium" | ... 6 more ... | undefined'.
  Overload 2 of 2, '(props: TextProps, context: any): Text', gave the following error.
    Type '{ marginBottom: number; color: string; fontSize: number; fontWeight: string; }' is not assignable to type 'StyleProp<TextStyle>'.
      Type '{ marginBottom: number; color: string; fontSize: number; fontWeight: string; }' is not assignable to type 'TextStyle'.
        Types of property 'fontWeight' are incompatible.
          Type 'string' is not assignable to type '"bold" | "700" | "600" | "normal" | 100 | "100" | "200" | "300" | "400" | "500" | "800" | "900" | 200 | 300 | 400 | 500 | 600 | 700 | 800 | 900 | "ultralight" | "thin" | "light" | "medium" | ... 6 more ... | undefined'.
